---
source: src/tests/krate/publish/features.rs
expression: response.into_json()
---
{
  "errors": [
    {
      "detail": "\"!bar\" is an invalid feature name"
    }
  ]
}
