---
source: src/tests/krate/publish/features.rs
expression: response.into_json()
---
{
  "errors": [
    {
      "detail": "\"~foo\" is an invalid feature name (feature names must contain only letters, numbers, '-', '+', or '_')"
    }
  ]
}
