---
source: src/tests/krate/publish/dependencies.rs
expression: response.into_json()
---
{
  "errors": [
    {
      "detail": "invalid character `ğŸ¦€` in crate name: `ğŸ¦€`, the first character must be an ASCII character, or `_`"
    }
  ]
}
