---
source: src/tests/krate/publish/validation.rs
expression: response.into_json()
---
{
  "errors": [
    {
      "detail": "\"snowâ˜ƒ\" is an invalid crate name (crate names must start with a letter, contain only letters, numbers, hyphens, or underscores and have at most 64 characters)"
    }
  ]
}
