---
source: src/tests/krate/publish/validation.rs
expression: response.into_json()
---
{
  "errors": [
    {
      "detail": "the name `aaaaaaaaaaaaaaaaaaaaaaaaaaaaaaaaaaaaaaaaaaaaaaaaaaaaaaaaaaaaaaaaa` is too long (max 64 characters)"
    }
  ]
}
