---
source: src/tests/routes/me/tokens/create.rs
expression: response.into_json()
---
api_token:
  crate_scopes: ~
  created_at: "[datetime]"
  endpoint_scopes: ~
  id: "[id]"
  last_used_at: "[datetime]"
  name: bar
  token: "[token]"

