---
source: src/tests/keyword.rs
expression: json
---
{
  "keywords": [],
  "meta": {
    "total": 0
  }
}
